{
  "logs": {
    "sucesso": {
      "statusCode": 200,
      "payload": {},
      "response": {
        "campo_1": "UserName",
        "msg_1": "É obrigatório informar o usuário."
      }
    },
    "invalid_userName": {
      "statusCode": 422,
      "payload": {
        "userName": "Invalid User Name",
        "password": ""
      },
      "response": {}
    },
    "invalid_password": {
      "statusCode": 401,
      "payload": {
        "userName": "qa.teste",
        "password": "Invalid Password"
      },
      "response": {
        "title": "Unauthorized"
      }
    }
  }
}