robotframework
robotframework-robocop
robotframework-jsonlibrary